// Vitest Snapshot v1, https://vitest.dev/guide/snapshot.html

exports[`core/hooks/list > list hook 1`] = `"<ul data-lines="8" data-sign="4f2e11f646f24a705863526bf6e274fef421b379173d96d85bc34bcb1dcf19a7" class="cherry-list__default"><li class="cherry-list-item"><p>1</p></li><li class="cherry-list-item"><p>2</p><ul class="cherry-list__default"><li class="cherry-list-item"><p>2.1</p></li><li class="cherry-list-item"><p>2.2</p></li></ul></li><li class="cherry-list-item"><p>3</p><ul class="cherry-list__circle"><li class="cherry-list-item"><p>3.1</p></li></ul></li><li class="cherry-list-item"><p>4</p><ul class="cherry-list__square"><li class="cherry-list-item"><p>4.2</p></li></ul></li></ul>"`;

exports[`core/hooks/list > list hook 2`] = `"<ul data-lines="8" data-sign="c1ff6ba165dede7d2cd945ab2aa2e570b3d3ac521717c394a9fb8e505f8f754e" class="cherry-list__default"><li class="cherry-list-item"><p>1</p><ul class="cherry-list__default"><li class="cherry-list-item"><p>2</p><ul class="cherry-list__default"><li class="cherry-list-item"><p>2.1</p></li><li class="cherry-list-item"><p>2.2</p></li></ul></li></ul></li><li class="cherry-list-item"><p>3<br>3.1</p></li><li class="cherry-list-item"><p>4</p></li><li class="cherry-list-item"><p>4.2</p></li></ul>"`;

exports[`core/hooks/list > list hook 3`] = `"<ul data-lines="1" data-sign="7aca949159f4868fe65452a9da90833a1bebc75216b1e65c675a043220e7ac37" class="cherry-list__default"><li class="cherry-list-item"><p>1</p></li></ul><ol data-lines="2" data-sign="7aca949159f4868fe65452a9da90833a1bebc75216b1e65c675a043220e7ac37" start="1" class="cherry-list__default"><li class="cherry-list-item"><p>test<br></p></li></ol><ul data-lines="8" data-sign="7aca949159f4868fe65452a9da90833a1bebc75216b1e65c675a043220e7ac37" class="cherry-list__default"><li class="cherry-list-item"><p>1.1</p><ul class="cherry-list__default"><li class="cherry-list-item"><p>1.1.2</p><ul class="cherry-list__default"><li class="cherry-list-item"><p>blank</p></li></ul></li><li class="cherry-list-item"><p>1.2</p></li></ul></li><li class="cherry-list-item"><p>2<br>blank</p><ul class="cherry-list__default"><li class="cherry-list-item"><p>2.1</p></li><li class="cherry-list-item"><p>2.2</p></li></ul></li></ul><ol data-lines="2" data-sign="7aca949159f4868fe65452a9da90833a1bebc75216b1e65c675a043220e7ac37" start="1" class="cherry-list__default"><li class="cherry-list-item"><p>test</p><ol start="2" class="cherry-list__default"><li class="cherry-list-item"><p>2</p></li></ol></li></ol>"`;

exports[`core/hooks/list > list hook 4`] = `"<ol data-lines="8" data-sign="92bee18c0eef47d6f4e5f5bb3e0657a9252002bf99094198509f9a7acac24ad7" start="1" class="cherry-list__default"><li class="cherry-list-item"><p>test</p><ol start="2" class="cherry-list__default"><li class="cherry-list-item"><p>test</p></li></ol></li><li class="cherry-list-item"><p>test</p><ol start="1" class="cherry-list__cjk-ideographic"><li class="cherry-list-item"><p>test</p></li><li class="cherry-list-item"><p>test<br><br></p></li><li class="cherry-list-item"><p>test</p></li></ol></li></ol><ul data-lines="1" data-sign="92bee18c0eef47d6f4e5f5bb3e0657a9252002bf99094198509f9a7acac24ad7" class="cherry-list__default"><li class="cherry-list-item"><p>test</p></li></ul>"`;

exports[`core/hooks/list > list hook 5`] = `"<ul data-lines="6" data-sign="4d7c69bfb6b84ee79246c82cbbb0c8aeee339d28e1d0dea337357202852199fc" class="cherry-list__default"><li class="cherry-list-item check-list-item"><p><span class="ch-icon ch-icon-square"></span> checklist 1</p></li><li class="cherry-list-item"><p>test</p><ul class="cherry-list__default"><li class="cherry-list-item check-list-item"><p><span class="ch-icon ch-icon-check"></span> checklist 2</p></li></ul></li><li class="cherry-list-item check-list-item"><p><span class="ch-icon ch-icon-square"></span> checklist 3</p></li><li class="cherry-list-item"><p>test</p><ul class="cherry-list__default"><li class="cherry-list-item check-list-item"><p><span class="ch-icon ch-icon-square"></span> checklist 4</p></li></ul></li></ul>"`;
